{
   description = "A devbox shell";

   inputs = {
     nixpkgs.url = "";
   };

   outputs = {
     self,
     nixpkgs,
   }:
      let
        pkgs = nixpkgs.legacyPackages.x86_64-linux;
      in
      {
        devShells.x86_64-linux.default = pkgs.mkShell {
          packages = [
          ];
        };
      };
 }
