# Begin Devbox Post-init Hook



# Prepend to the prompt to make it clear we're in a devbox shell.
export PS1="(devbox) $PS1"

# End Devbox Post-init Hook

# Run plugin and user init hooks from the devbox.json directory.
working_dir="$(pwd)"
cd "path/to/projectDir" || exit

# Begin Plugin Init Hook

echo "Welcome to the devbox!"

# End Plugin Init Hook

# Begin Devbox User Hook

echo "Hello from a devbox shell hook!"

# End Devbox User Hook

cd "$working_dir" || exit
