# Begin testdata/shellrc/nohook/shellrc

# Set up the prompt

autoload -Uz promptinit
promptinit
#prompt adam1

setopt histignorealldups sharehistory

# Use emacs keybindings even if our EDITOR is set to vi
bindkey -e

# Keep 1000 lines of history within the shell and save it to ~/.zsh_history:
HISTSIZE=1000
SAVEHIST=1000
HISTFILE=~/.zsh_history

# Use modern completion system
autoload -Uz compinit
compinit

zstyle ':completion:*' auto-description 'specify: %d'
zstyle ':completion:*' completer _expand _complete _correct _approximate
zstyle ':completion:*' format 'Completing %d'
zstyle ':completion:*' group-name ''
zstyle ':completion:*' menu select=2
eval "$(dircolors -b)"
zstyle ':completion:*:default' list-colors ${(s.:.)LS_COLORS}
zstyle ':completion:*' list-colors ''
zstyle ':completion:*' list-prompt %SAt %p: Hit TAB for more, or the character to insert%s
zstyle ':completion:*' matcher-list '' 'm:{a-z}={A-Z}' 'm:{a-zA-Z}={A-Za-z}' 'r:|[._-]=* r:|=* l:|=*'
zstyle ':completion:*' menu select=long
zstyle ':completion:*' select-prompt %SScrolling active: current selection at %p%s
zstyle ':completion:*' use-compctl false
zstyle ':completion:*' verbose true

zstyle ':completion:*:*:kill:*:processes' list-colors '=(#b) #([0-9]#)*=0=01;31'
zstyle ':completion:*:kill:*' command 'ps -u $USER -o pid,%cpu,tty,cputime,cmd'

# End testdata/shellrc/nohook/shellrc

# Begin Devbox Post-init Hook

# We need to do some processing on the PATH to ensure that any NIX_STORE paths
# stay at the front.
#
# Use IFS to split the PATH by ':' and then loop over each directory. Do the
# splitting in a subshell so that the change to IFS is temporary.
#
# The first case pattern matches a path that has the Nix store as a prefix, in
# which case we append it to nix_path. The second case pattern matches
# everything else and appends to non_nix_path. At the end, we join them with
# nix_path at the front.
#
# Some notes:
# 	- We do `for ... in $(echo $PATH)` instead of `for ... in $PATH` because
# 	  zsh doesn't do word splitting on unquoted variables.
# 	- The syntax `${nix_path:+$nix_path:}` means, "if nix_path is already
# 	  set, write `$nix_path:` (with the colon) instead." This ensures we
# 	  don't start with a colon on the first append.
# 	- You can't have comments in a subshell, hence this one long comment at
# 	  the top.
# 	- Keep this as POSIX as possible to maximize compatibility with
# 	  different shells.
PATH="$(
	IFS=:
	for path_dir in $(echo "$PATH"); do
		case "$path_dir" in
			$NIX_STORE/*) nix_path="${nix_path:+$nix_path:}${path_dir}" ;;
			*) non_nix_path="${non_nix_path:+$non_nix_path:}${path_dir}" ;;
		esac
	done
	echo "${nix_path:+$nix_path:}${non_nix_path}"
)"

# Prepend to the prompt to make it clear we're in a devbox shell.
export PS1="(devbox) $PS1"

# End Devbox Post-init Hook

# Begin Plan Init Hook

echo "Welcome to the devbox!"

# End Plan Init Hook
