# Begin Devbox Post-init Hook

PATH="./.devbox/profile/bin:$PATH"

# Prepend to the prompt to make it clear we're in a devbox shell.
export PS1="(devbox) $PS1"

# End Devbox Post-init Hook

# Begin Devbox User Hook

# Switch to the directory where devbox.json config is
workingDir=$(pwd)
cd path/to/configDir

echo "Hello from a devbox shell hook!"

cd $workingDir

# End Devbox User Hook

# Begin Plugin Init Hook

echo "Welcome to the devbox!"

# End Plugin Init Hook

# Begin Script command

# End Script command
