# Begin Devbox Post-init Hook

PATH="./.devbox/profile/bin:$PATH"

# Prepend to the prompt to make it clear we're in a devbox shell.
export PS1="(devbox) $PS1"

# End Devbox Post-init Hook

# Begin Devbox User Hook

echo "Hello from a devbox shell hook!"

# End Devbox User Hook

# Begin Plan Init Hook

echo "Welcome to the devbox!"

# End Plan Init Hook

# Begin Script command

# End Script command
